// Jest Snapshot v1, https://goo.gl/fbAQLP

exports[`should create snapshot of SoundCloud 1`] = `
<div>
  <iframe
    allow="autoplay"
    frameBorder="no"
    height="166"
    scrolling="no"
    src="https://w.soundcloud.com/player/?url=https%3A//api.soundcloud.com/tracks/326874889&color=%23901010&auto_play=false&hide_related=false&show_comments=true&show_user=true&show_reposts=false&show_teaser=true"
    style={
      Object {
        "display": "flex",
        "justifyContent": "center",
      }
    }
    title="Smooth (Unmastered) frame"
    width="100%"
  />
  <div
    style={
      Object {
        "color": "#cccccc",
        "fontFamily": "Interstate,Lucida Grande,Lucida Sans Unicode,Lucida Sans,Garuda,Verdana,Tahoma,sans-serif",
        "fontSize": "10px",
        "fontWeight": "100",
        "lineBreak": "anywhere",
        "overflow": "hidden",
        "textOverflow": "ellipsis",
        "whiteSpace": "nowrap",
        "wordBreak": "normal",
      }
    }
  >
    <a
      href="https://soundcloud.com/user-420329333"
      rel="noopener noreferrer"
      style={
        Object {
          "color": "#cccccc",
          "textDecoration": "none",
        }
      }
      target="_blank"
      title="DJC00P"
    >
      DJC00P
    </a>
    ·
    <a
      href="https://soundcloud.com/user-420329333/smooth-unmastered"
      rel="noopener noreferrer"
      style={
        Object {
          "color": "#cccccc",
          "textDecoration": "none",
        }
      }
      target="_blank"
      title="Smooth (Unmastered)"
    >
      Smooth (Unmastered)
    </a>
  </div>
  <iframe
    allow="autoplay"
    frameBorder="no"
    height="166"
    scrolling="no"
    src="https://w.soundcloud.com/player/?url=https%3A//api.soundcloud.com/tracks/348905818&color=%23901010&auto_play=false&hide_related=false&show_comments=true&show_user=true&show_reposts=false&show_teaser=true"
    style={
      Object {
        "display": "flex",
        "justifyContent": "center",
      }
    }
    title="Terror In The Night (Unmastered) frame"
    width="100%"
  />
  <div
    style={
      Object {
        "color": "#cccccc",
        "fontFamily": "Interstate,Lucida Grande,Lucida Sans Unicode,Lucida Sans,Garuda,Verdana,Tahoma,sans-serif",
        "fontSize": "10px",
        "fontWeight": "100",
        "lineBreak": "anywhere",
        "overflow": "hidden",
        "textOverflow": "ellipsis",
        "whiteSpace": "nowrap",
        "wordBreak": "normal",
      }
    }
  >
    <a
      href="https://soundcloud.com/user-420329333"
      rel="noopener noreferrer"
      style={
        Object {
          "color": "#cccccc",
          "textDecoration": "none",
        }
      }
      target="_blank"
      title="DJC00P"
    >
      DJC00P
    </a>
    ·
    <a
      href="https://soundcloud.com/user-420329333/terror-in-the-night-unmastered"
      rel="noopener noreferrer"
      style={
        Object {
          "color": "#cccccc",
          "textDecoration": "none",
        }
      }
      target="_blank"
      title="Terror In The Night (Unmastered)"
    >
      Terror In The Night (Unmastered)
    </a>
  </div>
  <iframe
    allow="autoplay"
    frameBorder="no"
    height="166"
    scrolling="no"
    src="https://w.soundcloud.com/player/?url=https%3A//api.soundcloud.com/tracks/348903111&color=%23901010&auto_play=false&hide_related=false&show_comments=true&show_user=true&show_reposts=false&show_teaser=true"
    style={
      Object {
        "display": "flex",
        "justifyContent": "center",
      }
    }
    title="EDM (Unmastered) frame"
    width="100%"
  />
  <div
    style={
      Object {
        "color": "#cccccc",
        "fontFamily": "Interstate,Lucida Grande,Lucida Sans Unicode,Lucida Sans,Garuda,Verdana,Tahoma,sans-serif",
        "fontSize": "10px",
        "fontWeight": "100",
        "lineBreak": "anywhere",
        "overflow": "hidden",
        "textOverflow": "ellipsis",
        "whiteSpace": "nowrap",
        "wordBreak": "normal",
      }
    }
  >
    <a
      href="https://soundcloud.com/user-420329333"
      rel="noopener noreferrer"
      style={
        Object {
          "color": "#cccccc",
          "textDecoration": "none",
        }
      }
      target="_blank"
      title="DJC00P"
    >
      DJC00P
    </a>
    ·
    <a
      href="https://soundcloud.com/user-420329333/edm-unmastered"
      rel="noopener noreferrer"
      style={
        Object {
          "color": "#cccccc",
          "textDecoration": "none",
        }
      }
      target="_blank"
      title="EDM (Unmastered)"
    >
      EDM (Unmastered)
    </a>
  </div>
  <iframe
    allow="autoplay"
    frameBorder="no"
    height="166"
    scrolling="no"
    src="https://w.soundcloud.com/player/?url=https%3A//api.soundcloud.com/tracks/328507393&color=%23901010&auto_play=false&hide_related=false&show_comments=true&show_user=true&show_reposts=false&show_teaser=true"
    style={
      Object {
        "display": "flex",
        "justifyContent": "center",
      }
    }
    title="Peaceful (Unmastered) frame"
    width="100%"
  />
  <div
    style={
      Object {
        "color": "#cccccc",
        "fontFamily": "Interstate,Lucida Grande,Lucida Sans Unicode,Lucida Sans,Garuda,Verdana,Tahoma,sans-serif",
        "fontSize": "10px",
        "fontWeight": "100",
        "lineBreak": "anywhere",
        "overflow": "hidden",
        "textOverflow": "ellipsis",
        "whiteSpace": "nowrap",
        "wordBreak": "normal",
      }
    }
  >
    <a
      href="https://soundcloud.com/user-420329333"
      rel="noopener noreferrer"
      style={
        Object {
          "color": "#cccccc",
          "textDecoration": "none",
        }
      }
      target="_blank"
      title="DJC00P"
    >
      DJC00P
    </a>
    ·
    <a
      href="https://soundcloud.com/user-420329333/peaceful-unmastered"
      rel="noopener noreferrer"
      style={
        Object {
          "color": "#cccccc",
          "textDecoration": "none",
        }
      }
      target="_blank"
      title="Peaceful (Unmastered)"
    >
      Peaceful (Unmastered)
    </a>
  </div>
  <iframe
    allow="autoplay"
    frameBorder="no"
    height="166"
    scrolling="no"
    src="https://w.soundcloud.com/player/?url=https%3A//api.soundcloud.com/tracks/348902681&color=%23901010&auto_play=false&hide_related=false&show_comments=true&show_user=true&show_reposts=false&show_teaser=true"
    style={
      Object {
        "display": "flex",
        "justifyContent": "center",
      }
    }
    title="Do What You Do (Unmastered) frame"
    width="100%"
  />
  <div
    style={
      Object {
        "color": "#cccccc",
        "fontFamily": "Interstate,Lucida Grande,Lucida Sans Unicode,Lucida Sans,Garuda,Verdana,Tahoma,sans-serif",
        "fontSize": "10px",
        "fontWeight": "100",
        "lineBreak": "anywhere",
        "overflow": "hidden",
        "textOverflow": "ellipsis",
        "whiteSpace": "nowrap",
        "wordBreak": "normal",
      }
    }
  >
    <a
      href="https://soundcloud.com/user-420329333"
      rel="noopener noreferrer"
      style={
        Object {
          "color": "#cccccc",
          "textDecoration": "none",
        }
      }
      target="_blank"
      title="DJC00P"
    >
      DJC00P
    </a>
    ·
    <a
      href="https://soundcloud.com/user-420329333/do-what-you-do-unmastered"
      rel="noopener noreferrer"
      style={
        Object {
          "color": "#cccccc",
          "textDecoration": "none",
        }
      }
      target="_blank"
      title="Do What You Do (Unmastered)"
    >
      Do What You Do (Unmastered)
    </a>
  </div>
  <iframe
    allow="autoplay"
    frameBorder="no"
    height="166"
    scrolling="no"
    src="https://w.soundcloud.com/player/?url=https%3A//api.soundcloud.com/tracks/348905054&color=%23901010&auto_play=false&hide_related=false&show_comments=true&show_user=true&show_reposts=false&show_teaser=true"
    style={
      Object {
        "display": "flex",
        "justifyContent": "center",
      }
    }
    title="Dont Leave Me (Unmastered) frame"
    width="100%"
  />
  <div
    style={
      Object {
        "color": "#cccccc",
        "fontFamily": "Interstate,Lucida Grande,Lucida Sans Unicode,Lucida Sans,Garuda,Verdana,Tahoma,sans-serif",
        "fontSize": "10px",
        "fontWeight": "100",
        "lineBreak": "anywhere",
        "overflow": "hidden",
        "textOverflow": "ellipsis",
        "whiteSpace": "nowrap",
        "wordBreak": "normal",
      }
    }
  >
    <a
      href="https://soundcloud.com/user-420329333"
      rel="noopener noreferrer"
      style={
        Object {
          "color": "#cccccc",
          "textDecoration": "none",
        }
      }
      target="_blank"
      title="DJC00P"
    >
      DJC00P
    </a>
    ·
    <a
      href="https://soundcloud.com/user-420329333/dont-leave-me-unmastered"
      rel="noopener noreferrer"
      style={
        Object {
          "color": "#cccccc",
          "textDecoration": "none",
        }
      }
      target="_blank"
      title="Dont Leave Me (Unmastered)"
    >
      Dont Leave Me (Unmastered)
    </a>
  </div>
</div>
`;
